[wp.hixstudio.net/harry/home-portfolio/index.html]
[backblue.gif]
[fade.gif]
[index.html]
[wp.hixstudio.net/harry/wp-includes/css/dist/block-library/style.mine35d.css]
[wp.hixstudio.net/harry/wp-content/plugins/instagram-widget-by-wpzoom/dist/styles/library/swiper9c05.css]
[wp.hixstudio.net/harry/wp-content/plugins/instagram-widget-by-wpzoom/dist/styles/library/magnific-popup6c17.css]
[wp.hixstudio.net/harry/wp-includes/css/dashicons.mine35d.css]
[wp.hixstudio.net/harry/wp-content/plugins/yith-woocommerce-ajax-navigation/assets/css/shortcodesef2c.css]
[wp.hixstudio.net/harry/wp-content/plugins/instagram-widget-by-wpzoom/dist/styles/frontend/index874b.css]
[wp.hixstudio.net/harry/wp-content/plugins/contact-form-7/includes/css/stylesf658.css]
[wp.hixstudio.net/harry/wp-content/uploads/elementor/css/custom-frontend-lite.minff5e.css]
[wp.hixstudio.net/harry/wp-content/plugins/give/assets/dist/css/give-donation-summary5b75.css]
[wp.hixstudio.net/harry/wp-content/plugins/give/assets/dist/css/give5b75.css]
[wp.hixstudio.net/harry/wp-content/plugins/woo-smart-compare/assets/libs/hint/hint.mine35d.css]
[wp.hixstudio.net/harry/wp-content/plugins/woo-smart-compare/assets/libs/perfect-scrollbar/css/perfect-scrollbar.mine35d.css]
[wp.hixstudio.net/harry/wp-content/plugins/woo-smart-compare/assets/libs/perfect-scrollbar/css/custom-themee35d.css]
[wp.hixstudio.net/harry/wp-content/plugins/woo-smart-quick-view/assets/libs/slick/slicke35d.css]
[wp.hixstudio.net/harry/wp-content/plugins/woo-smart-compare/assets/css/frontendb5e1.css]
[wp.hixstudio.net/harry/wp-content/plugins/woo-smart-quick-view/assets/libs/feather/feathere35d.css]
[wp.hixstudio.net/harry/wp-content/plugins/woo-smart-wishlist/assets/css/iconsae9e.css]
[wp.hixstudio.net/harry/wp-content/plugins/woo-smart-wishlist/assets/css/frontendae9e.css]
[wp.hixstudio.net/harry/wp-content/plugins/woo-smart-quick-view/assets/css/frontend9d52.css]
[wp.hixstudio.net/harry/wp-content/plugins/wp-event-solution/assets/css/etn-icon5597.css]
[wp.hixstudio.net/harry/wp-content/plugins/wp-event-solution/assets/css/event-manager-public1809.css]
[wp.hixstudio.net/harry/wp-content/themes/harry/assets/css/animatee35d.css]
[wp.hixstudio.net/harry/wp-content/themes/harry/assets/css/meanmenue35d.css]
[wp.hixstudio.net/harry/wp-content/themes/harry/assets/css/bootstrape35d.css]
[wp.hixstudio.net/harry/wp-content/themes/harry/assets/css/swiper-bundlee35d.css]
[wp.hixstudio.net/harry/wp-content/themes/harry/assets/css/nice-selecte35d.css]
[wp.hixstudio.net/harry/wp-content/themes/harry/assets/css/elegant-icone35d.css]
[wp.hixstudio.net/harry/wp-content/themes/harry/assets/css/hover-reveale35d.css]
[wp.hixstudio.net/harry/wp-content/themes/harry/assets/css/nouislidere35d.css]
[wp.hixstudio.net/harry/wp-content/themes/harry/assets/css/spacinge35d.css]
[wp.hixstudio.net/harry/wp-content/themes/harry/assets/css/font-awesome-proe35d.css]
[wp.hixstudio.net/harry/wp-content/themes/harry/assets/css/harry-unit4630.css]
[wp.hixstudio.net/harry/wp-content/themes/harry/stylee35d.css]
[wp.hixstudio.net/harry/wp-content/plugins/elementor/assets/lib/eicons/css/elementor-icons.min192d.css]
[wp.hixstudio.net/harry/wp-content/plugins/elementor/assets/lib/swiper/css/swiper.min48f5.css]
[wp.hixstudio.net/harry/wp-content/uploads/elementor/css/post-10ff5e.css]
[wp.hixstudio.net/harry/wp-content/uploads/elementor/css/post-19613d57.css]
[wp.hixstudio.net/harry/wp-includes/js/dist/vendor/wp-polyfill-inert.min0226.js]
[wp.hixstudio.net/harry/wp-includes/js/dist/vendor/regenerator-runtime.min8fa4.js]
[wp.hixstudio.net/harry/wp-includes/js/dist/hooks.min2ebd.js]
[stats.wp.com/w75e6.js]
[wp.hixstudio.net/harry/wp-includes/js/dist/vendor/wp-polyfill.min2c7c.js]
[wp.hixstudio.net/harry/wp-includes/js/jquery/jquery-migrate.min5589.js]
[wp.hixstudio.net/harry/wp-content/themes/harry/assets/css/harry-core4630.css]
[wp.hixstudio.net/harry/wp-includes/js/jquery/jquery.min3088.js]
[wp.hixstudio.net/harry/wp-includes/js/wp-util.mine35d.js]
[wp.hixstudio.net/harry/wp-includes/js/underscore.mind584.js]
[wp.hixstudio.net/harry/wp-content/plugins/instagram-widget-by-wpzoom/dist/scripts/library/magnific-popupf941.js]
[wp.hixstudio.net/harry/wp-content/plugins/instagram-widget-by-wpzoom/dist/scripts/frontend/blockfc11.js]
[wp.hixstudio.net/harry/wp-includes/js/dist/i18n.minf92f.js]
[wp.hixstudio.net/harry/wp-content/uploads/2023/01/cropped-favicon-32x32.png]
[wp.hixstudio.net/harry/wp-content/plugins/instagram-widget-by-wpzoom/dist/scripts/library/swiper9c05.js]
[wp.hixstudio.net/harry/wp-content/uploads/2023/01/cropped-favicon-192x192.png]
[wp.hixstudio.net/harry/wp-content/uploads/2023/01/cropped-favicon-180x180.png]
[wp.hixstudio.net/harry/wp-content/plugins/give/assets/dist/js/give2488.js]
[wp.hixstudio.net/harry/wp-content/themes/harry/assets/img/shape/offcanvas-img-1.png]
[wp.hixstudio.net/harry/wp-content/themes/harry/assets/img/slider/9/slider-shape-1.png]
[wp.hixstudio.net/harry/wp-content/themes/harry/assets/img/slider/9/slider-shape-2.png]
[wp.hixstudio.net/harry/wp-content/uploads/2022/12/slider-1-1.png]
[wp.hixstudio.net/harry/wp-content/uploads/2022/12/features-2.jpg]
[wp.hixstudio.net/harry/wp-content/uploads/2022/12/asdfasdf.png]
[wp.hixstudio.net/harry/wp-content/uploads/2022/12/features-1.jpg]
[wp.hixstudio.net/harry/wp-content/uploads/2022/12/features-3.jpg]
[wp.hixstudio.net/harry/wp-content/uploads/2022/12/features-4.jpg]
[wp.hixstudio.net/harry/wp-content/themes/harry/assets/img/services/9/services-icon-shape.png]
[wp.hixstudio.net/harry/wp-content/uploads/2022/12/portfolio-1-1.jpg]
[wp.hixstudio.net/harry/wp-content/uploads/2022/12/portfolio-2-1.jpg]
[wp.hixstudio.net/harry/wp-content/uploads/2022/12/portfolio-3-1.jpg]
[wp.hixstudio.net/harry/wp-content/uploads/2022/12/portfolio-4-1.jpg]
[wp.hixstudio.net/harry/wp-content/uploads/2022/12/portfolio-5-1.jpg]
[wp.hixstudio.net/harry/wp-content/uploads/2022/12/portfolio-6-1.jpg]
[wp.hixstudio.net/harry/wp-content/uploads/2022/12/skill-icon-1.png]
[wp.hixstudio.net/harry/wp-content/uploads/2022/12/skill-icon-2.png]
[wp.hixstudio.net/harry/wp-content/uploads/2022/12/skill-icon-3.png]
[wp.hixstudio.net/harry/wp-content/uploads/2022/12/skill-icon-4.png]
[wp.hixstudio.net/harry/wp-content/uploads/2022/12/company-icon-1.png]
[wp.hixstudio.net/harry/wp-content/uploads/2022/12/company-icon-2.png]
[wp.hixstudio.net/harry/wp-content/uploads/2022/12/company-icon-3.png]
[wp.hixstudio.net/harry/wp-content/uploads/2022/12/company-icon-4.png]
[wp.hixstudio.net/harry/wp-content/themes/harry/assets/img/testimonial/9/testimonial-quote-1.png]
[wp.hixstudio.net/harry/wp-content/uploads/2022/11/user-12.jpg]
[wp.hixstudio.net/harry/wp-content/uploads/2022/11/user-5.jpg]
[wp.hixstudio.net/harry/wp-content/uploads/2022/11/user-1.jpg]
[wp.hixstudio.net/harry/wp-content/uploads/2022/11/user-14.jpg]
[wp.hixstudio.net/harry/wp-content/uploads/2022/11/user-23.jpg]
[wp.hixstudio.net/harry/wp-content/uploads/2022/11/blog-img-18.jpg]
[wp.hixstudio.net/harry/wp-content/uploads/2022/11/blog-img-17.jpg]
[wp.hixstudio.net/harry/wp-content/uploads/2022/11/blog-img-16.jpg]
[wp.hixstudio.net/harry/wp-content/themes/harry/assets/img/contact/contact-icon-shape.png]
[wp.hixstudio.net/harry/wp-content/plugins/woocommerce/assets/js/accounting/accounting.minaffb.js]
[wp.hixstudio.net/harry/wp-content/plugins/yith-woocommerce-ajax-navigation/assets/js/yith-wcan-shortcodes.minef2c.js]
[wp.hixstudio.net/harry/wp-content/plugins/contact-form-7/includes/swv/js/indexf658.js]
[wp.hixstudio.net/harry/wp-content/plugins/woocommerce/assets/js/selectWoo/selectWoo.full.min27e1.js]
[wp.hixstudio.net/harry/wp-content/plugins/instagram-widget-by-wpzoom/dist/scripts/library/lazyf941.js]
[wp.hixstudio.net/harry/wp-content/plugins/instagram-widget-by-wpzoom/dist/scripts/frontend/index6c17.js]
[wp.hixstudio.net/harry/wp-content/plugins/woocommerce/assets/js/jquery-blockui/jquery.blockUI.min38c1.js]
[wp.hixstudio.net/harry/wp-content/plugins/contact-form-7/includes/js/indexf658.js]
[wp.hixstudio.net/harry/wp-content/plugins/woocommerce/assets/js/frontend/add-to-cart.minee31.js]
[wp.hixstudio.net/harry/wp-content/plugins/woocommerce/assets/js/js-cookie/js.cookie.minfb9f.js]
[wp.hixstudio.net/harry/wp-content/plugins/woocommerce/assets/js/frontend/woocommerce.minee31.js]
[wp.hixstudio.net/harry/wp-content/plugins/give/assets/dist/js/give-donation-summary5b75.js]
[wp.hixstudio.net/harry/wp-content/plugins/woo-smart-compare/assets/libs/print/jQuery.printb5e1.js]
[wp.hixstudio.net/harry/wp-content/plugins/woo-smart-compare/assets/libs/table-head-fixer/table-head-fixerb5e1.js]
[wp.hixstudio.net/harry/wp-content/plugins/woo-smart-compare/assets/libs/perfect-scrollbar/js/perfect-scrollbar.jquery.minb5e1.js]
[wp.hixstudio.net/harry/wp-includes/js/jquery/ui/mouse.min3f14.js]
[wp.hixstudio.net/harry/wp-content/plugins/woo-smart-compare/assets/js/frontendb5e1.js]
[wp.hixstudio.net/harry/wp-includes/js/jquery/ui/core.min3f14.js]
[wp.hixstudio.net/harry/wp-includes/js/jquery/ui/sortable.min3f14.js]
[wp.hixstudio.net/harry/wp-content/plugins/woocommerce/assets/js/frontend/add-to-cart-variation.minee31.js]
[wp.hixstudio.net/harry/wp-content/plugins/woo-smart-quick-view/assets/libs/slick/slick.min9d52.js]
[wp.hixstudio.net/harry/wp-content/plugins/woo-smart-quick-view/assets/js/frontend9d52.js]
[wp.hixstudio.net/harry/wp-content/plugins/woo-smart-wishlist/assets/js/frontendae9e.js]
[wp.hixstudio.net/harry/wp-content/plugins/wp-event-solution/assets/js/event-manager-public1809.js]
[wp.hixstudio.net/harry/wp-content/themes/harry/assets/js/waypointse35d.js]
[wp.hixstudio.net/harry/wp-content/themes/harry/assets/js/meanmenue35d.js]
[wp.hixstudio.net/harry/wp-content/themes/harry/assets/js/bootstrap-bundlee35d.js]
[wp.hixstudio.net/harry/wp-content/themes/harry/assets/js/purecountere35d.js]
[wp.hixstudio.net/harry/wp-content/themes/harry/assets/js/parallaxe35d.js]
[wp.hixstudio.net/harry/wp-content/themes/harry/assets/js/parallax-scrolle35d.js]
[wp.hixstudio.net/harry/wp-content/themes/harry/assets/js/jarallaxe35d.js]
[wp.hixstudio.net/harry/wp-content/themes/harry/assets/js/swiper-bundlee35d.js]
[wp.hixstudio.net/harry/wp-content/themes/harry/assets/js/nice-selecte35d.js]
[wp.hixstudio.net/harry/wp-content/themes/harry/assets/js/nouislidere35d.js]
[wp.hixstudio.net/harry/wp-content/themes/harry/assets/js/hover-reveale35d.js]
[wp.hixstudio.net/harry/wp-content/themes/harry/assets/js/easinge35d.js]
[wp.hixstudio.net/harry/wp-content/themes/harry/assets/js/charminge35d.js]
[wp.hixstudio.net/harry/wp-content/themes/harry/assets/js/countdowne35d.js]
[wp.hixstudio.net/harry/wp-content/themes/harry/assets/js/wowe35d.js]
[wp.hixstudio.net/harry/wp-includes/js/imagesloaded.mineda1.js]
[wp.hixstudio.net/harry/wp-content/themes/harry/assets/js/isotope-pkgde35d.js]
[wp.hixstudio.net/harry/wp-content/themes/harry/assets/js/tween-maxe35d.js]
[wp.hixstudio.net/harry/wp-content/themes/harry/assets/js/main4630.js]
[wp.hixstudio.net/harry/wp-content/plugins/tp-core/assets/js/hello-worlde35d.js]
[wp.hixstudio.net/harry/wp-content/plugins/elementor/assets/js/webpack.runtime.minf92b.js]
[wp.hixstudio.net/harry/wp-content/plugins/elementor/assets/lib/waypoints/waypoints.min05da.js]
[wp.hixstudio.net/harry/wp-content/plugins/elementor/assets/js/frontend-modules.minf92b.js]
[wp.hixstudio.net/harry/wp-content/plugins/elementor/assets/js/frontend.minf92b.js]
[wp.hixstudio.net/harry/wp-content/plugins/wp-event-solution/assets/js/elementor1809.js]
[wp.hixstudio.net/harry/wp-includes/js/dist/vendor/react.min7a3b.js]
[wp.hixstudio.net/harry/wp-includes/js/dist/escape-html.min0311.js]
[wp.hixstudio.net/harry/wp-includes/js/dist/element.min0eb1.js]
[wp.hixstudio.net/harry/wp-includes/js/dist/vendor/react-dom.min7a3b.js]
[wp.hixstudio.net/harry/home-portfolio/index.html]
[wp.hixstudio.net/harry/wp-includes/css/dist/block-library/style.mine35d.css]
[wp.hixstudio.net/harry/wp-content/plugins/instagram-widget-by-wpzoom/dist/styles/library/swiper9c05.css]
[wp.hixstudio.net/harry/wp-includes/css/dashicons.mine35d.css]
[wp.hixstudio.net/harry/wp-content/plugins/instagram-widget-by-wpzoom/dist/styles/library/magnific-popup6c17.css]
[wp.hixstudio.net/harry/wp-content/plugins/instagram-widget-by-wpzoom/dist/styles/frontend/index874b.css]
[wp.hixstudio.net/harry/wp-content/plugins/yith-woocommerce-ajax-navigation/assets/css/shortcodesef2c.css]
[wp.hixstudio.net/harry/wp-content/plugins/contact-form-7/includes/css/stylesf658.css]
[wp.hixstudio.net/harry/wp-content/uploads/elementor/css/custom-frontend-lite.minff5e.css]
[wp.hixstudio.net/harry/wp-content/plugins/tp-core/include/elementor/templates/css/template-frontend.min583f.css]
[wp.hixstudio.net/harry/wp-content/plugins/give/assets/dist/images/tick.png]
[wp.hixstudio.net/harry/wp-content/plugins/give/assets/dist/images/dankort.png]
[wp.hixstudio.net/harry/wp-content/plugins/give/assets/dist/css/give5b75.css]
[wp.hixstudio.net/harry/wp-content/plugins/give/assets/dist/css/give-donation-summary5b75.css]
[wp.hixstudio.net/harry/wp-content/plugins/woo-smart-compare/assets/libs/hint/hint.mine35d.css]
[wp.hixstudio.net/harry/wp-content/plugins/woo-smart-compare/assets/libs/perfect-scrollbar/css/perfect-scrollbar.mine35d.css]
[wp.hixstudio.net/harry/wp-content/plugins/woo-smart-compare/assets/libs/perfect-scrollbar/css/custom-themee35d.css]
[wp.hixstudio.net/harry/wp-content/plugins/woo-smart-compare/assets/images/placeholder.png]
[wp.hixstudio.net/harry/wp-content/plugins/woo-smart-compare/assets/css/frontendb5e1.css]
[wp.hixstudio.net/harry/wp-content/plugins/woo-smart-quick-view/assets/libs/slick/slicke35d.css]
[wp.hixstudio.net/harry/wp-content/plugins/woo-smart-quick-view/assets/libs/feather/fonts/feather.ttf]
[wp.hixstudio.net/harry/wp-content/plugins/woo-smart-quick-view/assets/libs/feather/fonts/feather.eot]
[wp.hixstudio.net/harry/wp-content/plugins/woo-smart-quick-view/assets/libs/feather/fonts/feather.woff]
[wp.hixstudio.net/harry/wp-content/plugins/woo-smart-quick-view/assets/libs/feather/feathere35d.css]
[wp.hixstudio.net/harry/wp-content/plugins/woo-smart-quick-view/assets/css/frontend9d52.css]
[wp.hixstudio.net/harry/wp-content/plugins/woo-smart-wishlist/assets/css/iconsae9e.css]
[wp.hixstudio.net/harry/wp-content/plugins/woo-smart-wishlist/assets/css/frontendae9e.css]
[wp.hixstudio.net/harry/wp-content/plugins/wp-event-solution/assets/css/etn-icon5597.css]
[wp.hixstudio.net/harry/wp-content/plugins/wp-event-solution/assets/images/shape.png]
[wp.hixstudio.net/harry/wp-content/plugins/wp-event-solution/assets/css/event-manager-public1809.css]
[wp.hixstudio.net/harry/wp-content/themes/harry/assets/css/harry-custome35d.css]
[wp.hixstudio.net/harry/wp-content/themes/harry/assets/css/bootstrape35d.css]
[wp.hixstudio.net/harry/wp-content/themes/harry/assets/css/meanmenue35d.css]
[wp.hixstudio.net/harry/wp-content/themes/harry/assets/css/animatee35d.css]
[wp.hixstudio.net/harry/wp-content/themes/harry/assets/css/swiper-bundlee35d.css]
[wp.hixstudio.net/harry/wp-content/themes/harry/assets/css/nice-selecte35d.css]
[wp.hixstudio.net/harry/wp-content/themes/harry/assets/css/font-awesome-proe35d.css]
[wp.hixstudio.net/harry/wp-content/themes/harry/assets/css/elegant-icone35d.css]
[wp.hixstudio.net/harry/wp-content/themes/harry/assets/css/hover-reveale35d.css]
[wp.hixstudio.net/harry/wp-content/themes/harry/assets/css/nouislidere35d.css]
[wp.hixstudio.net/harry/wp-content/themes/harry/assets/css/spacinge35d.css]
[wp.hixstudio.net/harry/wp-content/themes/harry/assets/css/harry-core4630.css]
[wp.hixstudio.net/harry/wp-content/themes/harry/assets/css/harry-unit4630.css]
[wp.hixstudio.net/harry/wp-content/themes/harry/stylee35d.css]
[wp.hixstudio.net/harry/wp-content/plugins/elementor/assets/lib/eicons/css/elementor-icons.min192d.css]
[wp.hixstudio.net/harry/wp-content/plugins/elementor/assets/lib/swiper/css/swiper.min48f5.css]
[wp.hixstudio.net/harry/wp-content/uploads/elementor/css/post-10ff5e.css]
[wp.hixstudio.net/harry/wp-content/uploads/elementor/css/post-19613d57.css]
[wp.hixstudio.net/harry/wp-includes/js/dist/vendor/wp-polyfill-inert.min0226.js]
[wp.hixstudio.net/harry/wp-includes/js/dist/vendor/regenerator-runtime.min8fa4.js]
[wp.hixstudio.net/harry/wp-includes/js/dist/vendor/wp-polyfill.min2c7c.js]
[wp.hixstudio.net/harry/wp-includes/js/dist/hooks.min2ebd.js]
[wp.hixstudio.net/harry/wp-includes/js/jquery/jquery.min3088.js]
[wp.hixstudio.net/harry/wp-includes/js/jquery/jquery-migrate.min5589.js]
[wp.hixstudio.net/harry/wp-includes/js/underscore.mind584.js]
[wp.hixstudio.net/harry/wp-includes/js/wp-util.mine35d.js]
[wp.hixstudio.net/harry/wp-content/plugins/instagram-widget-by-wpzoom/dist/scripts/library/magnific-popupf941.js]
[wp.hixstudio.net/harry/wp-content/plugins/instagram-widget-by-wpzoom/dist/scripts/library/swiper9c05.js]
[wp.hixstudio.net/harry/wp-content/plugins/instagram-widget-by-wpzoom/dist/scripts/frontend/blockfc11.js]
[wp.hixstudio.net/harry/wp-includes/js/dist/i18n.minf92f.js]
[wp.hixstudio.net/harry/wp-content/plugins/woo-smart-quick-view/assets/libs/feather/fonts/feather.svg]
[wp.hixstudio.net/harry/wp-content/plugins/wp-event-solution/build/index-calendar1809.js]
[wp.hixstudio.net/harry/home-portfolio/r,{s_2_parseInt(a]
[wp.hixstudio.net/harry/wp-content/plugins/give/assets/dist/js/give2488.js]
[wp.hixstudio.net/harry/wp-content/plugins/woocommerce/assets/js/accounting/accounting.minaffb.js]
[wp.hixstudio.net/harry/wp-content/plugins/woocommerce/assets/js/selectWoo/selectWoo.full.min27e1.js]
[wp.hixstudio.net/harry/wp-content/plugins/yith-woocommerce-ajax-navigation/assets/js/yith-wcan-shortcodes.minef2c.js]
[wp.hixstudio.net/harry/wp-content/plugins/contact-form-7/includes/swv/js/indexf658.js]
[wp.hixstudio.net/harry/wp-content/plugins/contact-form-7/includes/js/indexf658.js]
[wp.hixstudio.net/harry/wp-content/plugins/instagram-widget-by-wpzoom/dist/scripts/library/lazyf941.js]
[wp.hixstudio.net/harry/wp-content/plugins/instagram-widget-by-wpzoom/dist/scripts/frontend/index6c17.js]
[wp.hixstudio.net/harry/wp-content/plugins/woocommerce/assets/js/jquery-blockui/jquery.blockUI.min38c1.js]
[wp.hixstudio.net/harry/wp-content/plugins/woocommerce/assets/js/frontend/add-to-cart.minee31.js]
[wp.hixstudio.net/harry/wp-content/plugins/woocommerce/assets/js/js-cookie/js.cookie.minfb9f.js]
[wp.hixstudio.net/harry/wp-content/plugins/woocommerce/assets/js/frontend/woocommerce.minee31.js]
[wp.hixstudio.net/harry/wp-content/plugins/give/assets/dist/js/give-donation-summary5b75.js]
[wp.hixstudio.net/harry/wp-content/plugins/woo-smart-compare/assets/libs/print/jQuery.printb5e1.js]
[wp.hixstudio.net/harry/wp-content/plugins/woo-smart-compare/assets/libs/table-head-fixer/table-head-fixerb5e1.js]
[wp.hixstudio.net/harry/wp-content/plugins/woo-smart-compare/assets/libs/perfect-scrollbar/js/perfect-scrollbar.jquery.minb5e1.js]
[wp.hixstudio.net/harry/wp-includes/js/jquery/ui/core.min3f14.js]
[wp.hixstudio.net/harry/wp-includes/js/jquery/ui/mouse.min3f14.js]
[wp.hixstudio.net/harry/wp-includes/js/jquery/ui/sortable.min3f14.js]
[wp.hixstudio.net/harry/wp-content/plugins/woo-smart-compare/assets/js/frontendb5e1.js]
[wp.hixstudio.net/harry/wp-content/plugins/woocommerce/assets/js/frontend/add-to-cart-variation.minee31.js]
[wp.hixstudio.net/harry/wp-content/plugins/woo-smart-quick-view/assets/libs/slick/slick.min9d52.js]
[wp.hixstudio.net/harry/wp-content/plugins/woo-smart-quick-view/assets/js/frontend9d52.js]
[wp.hixstudio.net/harry/wp-content/plugins/woo-smart-wishlist/assets/js/frontendae9e.js]
[wp.hixstudio.net/harry/home-portfolio/window.location]
[wp.hixstudio.net/harry/wp-content/plugins/wp-event-solution/assets/js/event-manager-public1809.js]
[wp.hixstudio.net/harry/wp-content/themes/harry/assets/js/bootstrap-bundlee35d.js]
[wp.hixstudio.net/harry/wp-content/themes/harry/assets/js/waypointse35d.js]
[wp.hixstudio.net/harry/wp-content/themes/harry/assets/js/meanmenue35d.js]
[wp.hixstudio.net/harry/wp-content/themes/harry/assets/js/purecountere35d.js]
[wp.hixstudio.net/harry/home-portfolio/a.params.url]
[wp.hixstudio.net/harry/wp-content/themes/harry/assets/js/swiper-bundlee35d.js]
[wp.hixstudio.net/harry/wp-content/themes/harry/assets/js/parallaxe35d.js]
[wp.hixstudio.net/harry/wp-content/themes/harry/assets/js/parallax-scrolle35d.js]
[wp.hixstudio.net/harry/wp-content/themes/harry/assets/js/jarallaxe35d.js]
[wp.hixstudio.net/harry/wp-content/themes/harry/assets/js/tween-maxe35d.js]
[wp.hixstudio.net/harry/wp-content/themes/harry/assets/js/nice-selecte35d.js]
[wp.hixstudio.net/harry/wp-content/themes/harry/assets/js/nouislidere35d.js]
[wp.hixstudio.net/harry/wp-content/themes/harry/assets/js/hover-reveale35d.js]
[wp.hixstudio.net/harry/wp-content/themes/harry/assets/js/easinge35d.js]
[wp.hixstudio.net/harry/wp-content/themes/harry/assets/js/charminge35d.js]
[wp.hixstudio.net/harry/wp-content/themes/harry/assets/js/countdowne35d.js]
[wp.hixstudio.net/harry/wp-content/themes/harry/assets/js/wowe35d.js]
[wp.hixstudio.net/harry/wp-includes/js/imagesloaded.mineda1.js]
[wp.hixstudio.net/harry/wp-content/themes/harry/assets/js/isotope-pkgde35d.js]
[wp.hixstudio.net/harry/wp-content/themes/harry/assets/js/main4630.js]
[wp.hixstudio.net/harry/wp-content/plugins/tp-core/assets/js/hello-worlde35d.js]
[wp.hixstudio.net/harry/wp-content/plugins/elementor/assets/js/webpack.runtime.minf92b.js]
[wp.hixstudio.net/harry/wp-content/plugins/elementor/assets/js/frontend-modules.minf92b.js]
[wp.hixstudio.net/harry/wp-content/plugins/elementor/assets/lib/waypoints/waypoints.min05da.js]
[wp.hixstudio.net/harry/home-portfolio/Version/index.html]
[wp.hixstudio.net/harry/home-portfolio/-negative.9e.delayed]
[wp.hixstudio.net/harry/wp-content/plugins/elementor/assets/js/frontend.minf92b.js]
[wp.hixstudio.net/harry/wp-content/plugins/wp-event-solution/assets/js/elementor1809.js]
[wp.hixstudio.net/harry/wp-includes/js/dist/vendor/react.min7a3b.js]
[wp.hixstudio.net/harry/wp-includes/js/dist/vendor/react-dom.min7a3b.js]
[wp.hixstudio.net/harry/wp-includes/js/dist/escape-html.min0311.js]
[wp.hixstudio.net/harry/wp-includes/js/dist/element.min0eb1.js]
[wp.hixstudio.net/harry/home-portfolio/n(5042.9f.delayed]
[wp.hixstudio.net/harry/wp-content/plugins/wp-event-solution/build/index-calendar1809.js]
[wp.hixstudio.net/harry/wp-content/plugins/woo-smart-quick-view/assets/libs/feather/fonts/feather.svg]
[wp.hixstudio.net/harry/home-portfolio/r,{s_2_parseInt(a.html]
[wp.hixstudio.net/harry/home-portfolio/window.html]
[wp.hixstudio.net/harry/home-portfolio/a.params.html]
[wp.hixstudio.net/harry/home-portfolio/Version/index.html]
[wp.hixstudio.net/harry/home-portfolio/-negative.html]
[wp.hixstudio.net/harry/home-portfolio/OPR/index.html]
[wp.hixstudio.net/harry/home-portfolio/OPR/index.html]
[wp.hixstudio.net/harry/home-portfolio/$&/index.html]
[wp.hixstudio.net/harry/home-portfolio/$&/index.html]
[wp.hixstudio.net/harry/home-portfolio/n(5042.html]
[wp.hixstudio.net/harry/home-portfolio/isDSTShifted is deprecated. See http_/momentjs.com/guides/index.html]
